// Jest Snapshot v1, https://goo.gl/fbAQLP

exports[`LineageActionBar Renders correctly for a given root id 1`] = `
<div
  className="container flex"
>
  <div
    className="flex"
  >
    <span
      className="breadcrumbActive"
    >
      artifactId
    </span>
  </div>
  <div>
    <WithStyles(Button)
      className="actionButton"
      disabled={false}
      onClick={[Function]}
    >
      <pure(ReplayIcon) />
       Reset
    </WithStyles(Button)>
  </div>
</div>
`;
