// Jest Snapshot v1, https://goo.gl/fbAQLP

exports[`ModelInfo Renders Model information 1`] = `
<section>
  <h1
    className="header_f189n3y"
  >
    Model info
  </h1>
  <dl
    className="modelInfo_fnuket9"
  >
    <div
      className="field_f1bgv1eo"
    >
      <dt
        className="term_fuqr2el"
      >
        Type
      </dt>
      <dd
        className="value_f1d9lp3k"
      >
        neural network
      </dd>
    </div>
    <div
      className="field_f1bgv1eo"
    >
      <dt
        className="term_fuqr2el"
      >
        Description
      </dt>
      <dd
        className="value_f1d9lp3k"
      >
        model to recognize handwritten digits
      </dd>
    </div>
    <div
      className="field_f1bgv1eo"
    >
      <dt
        className="term_fuqr2el"
      >
        Version ID
      </dt>
      <dd
        className="value_f1d9lp3k"
      >
        v0.0.1
      </dd>
    </div>
    <div
      className="field_f1bgv1eo"
    >
      <dt
        className="term_fuqr2el"
      >
        Workspace
      </dt>
      <dd
        className="value_f1d9lp3k"
      >
        workspace1
      </dd>
    </div>
    <div
      className="field_f1bgv1eo"
    >
      <dt
        className="term_fuqr2el"
      >
        Run
      </dt>
      <dd
        className="value_f1d9lp3k"
      >
        run123
      </dd>
    </div>
    <div
      className="field_f1bgv1eo"
    >
      <dt
        className="term_fuqr2el"
      >
        Creation time
      </dt>
      <dd
        className="value_f1d9lp3k"
      >
        6/11/2019, 9:21:48 PM
      </dd>
    </div>
    <div
      className="field_f1bgv1eo"
    >
      <dt
        className="term_fuqr2el"
      >
        Hyperparameters
      </dt>
      <dd
        className="value_f1d9lp3k flexColumn_fr3ikkd"
      >
        <span
          key="0"
        >
          early_stop: true
        </span>
        <span
          key="1"
        >
          layers: 10,3,1
        </span>
        <span
          key="2"
        >
          learning_rate: 0.5
        </span>
      </dd>
    </div>
    <div
      className="field_f1bgv1eo"
    >
      <dt
        className="term_fuqr2el"
      >
        Training data
      </dt>
      <dd
        className="value_f1d9lp3k"
      >
        gs://my-bucket/mnist
      </dd>
    </div>
    <div
      className="field_f1bgv1eo"
    >
      <dt
        className="term_fuqr2el"
      >
        Training framework
      </dt>
      <dd
        className="value_f1d9lp3k"
      >
        tensorflow
                   v1.0
      </dd>
    </div>
    <div
      className="field_f1bgv1eo"
    >
      <dt
        className="term_fuqr2el"
      >
        Training data
      </dt>
      <dd
        className="value_f1d9lp3k"
      >
        gs://my-bucket/mnist
      </dd>
    </div>
  </dl>
</section>
`;
