// Jest Snapshot v1, https://goo.gl/fbAQLP

exports[`Router initial render 1`] = `
<SideNavLayout>
  <Switch>
    <Route
      exact={true}
      path="/"
      render={[Function]}
    />
    <Route
      exact={true}
      key="0"
      path="/artifacts"
      render={[Function]}
    />
    <Route
      exact={false}
      key="1"
      path="/artifact_types/:artifactType+/artifacts/:id"
      render={[Function]}
    />
    <Route
      exact={true}
      key="2"
      path="/executions"
      render={[Function]}
    />
    <Route
      exact={true}
      key="3"
      path="/execution_types/:executionType+/executions/:id"
      render={[Function]}
    />
    <Route>
      <RoutedPage />
    </Route>
  </Switch>
</SideNavLayout>
`;
