// Jest Snapshot v1, https://goo.gl/fbAQLP

exports[`ArtifactDetails Renders progress bar with no data 1`] = `<WithStyles(CircularProgress) />`;

exports[`ArtifactDetails Renders with a Model Artifact and updates the page title 1`] = `
<ArtifactDetails
  history={
    Object {
      "push": [MockFunction],
    }
  }
  location={Object {}}
  match={
    Object {
      "params": Object {
        "artifactType": "kubeflow.org/alpha/model",
        "id": "1",
      },
    }
  }
  toolbarProps={
    Object {
      "actions": Array [],
      "breadcrumbs": Array [
        Object {
          "displayName": "Artifacts",
          "href": "/artifacts",
        },
      ],
      "pageTitle": "Model 1 details",
    }
  }
  updateBanner={[MockFunction]}
  updateDialog={[MockFunction]}
  updateSnackbar={[MockFunction]}
  updateToolbar={
    [MockFunction] {
      "calls": Array [
        Array [
          Object {
            "actions": Array [],
            "breadcrumbs": Array [
              Object {
                "displayName": "Artifacts",
                "href": "/artifacts",
              },
            ],
            "pageTitle": "Model 1 details",
          },
        ],
        Array [
          Object {
            "pageTitle": "test model (version: v1)",
          },
        ],
      ],
      "results": Array [
        Object {
          "type": "return",
          "value": undefined,
        },
        Object {
          "type": "return",
          "value": undefined,
        },
      ],
    }
  }
>
  <div
    className="page"
  >
    <ArtifactInfo
      artifact={
        Object {
          "custom_properties": Object {
            "__kf_run__": Object {
              "string_value": "1",
            },
            "__kf_workspace__": Object {
              "string_value": "workspace-1",
            },
          },
          "id": "1",
          "properties": Object {
            "__ALL_META__": Object {
              "string_value": "{\\"hyperparameters\\": {\\"early_stop\\": true, \\"layers\\": [10, 3, 1], \\"learning_rate\\": 0.5}, \\"model_type\\": \\"neural network\\", \\"training_framework\\": {\\"name\\": \\"tensorflow\\", \\"version\\": \\"v1.0\\"}}",
            },
            "create_time": Object {
              "string_value": "2019-06-12T01:21:48.259263Z",
            },
            "description": Object {
              "string_value": "A really great model",
            },
            "name": Object {
              "string_value": "test model",
            },
            "version": Object {
              "string_value": "v1",
            },
          },
          "type_id": "1",
          "uri": "gs://my-bucket/mnist",
        }
      }
      typeName="Model"
    >
      <section>
        <h1
          className="header"
        >
          Type: 
          Model
        </h1>
        <h2
          className="header2"
        >
          Properties
        </h2>
        <dl
          className="artifactInfo"
        >
          <div
            className="field"
            key="name"
          >
            <dt
              className="term"
            >
              name
            </dt>
            <dd
              className="value"
            >
              test model
            </dd>
          </div>
          <div
            className="field"
            key="description"
          >
            <dt
              className="term"
            >
              description
            </dt>
            <dd
              className="value"
            >
              A really great model
            </dd>
          </div>
          <div
            className="field"
            key="version"
          >
            <dt
              className="term"
            >
              version
            </dt>
            <dd
              className="value"
            >
              v1
            </dd>
          </div>
          <div
            className="field"
            key="create_time"
          >
            <dt
              className="term"
            >
              create_time
            </dt>
            <dd
              className="value"
            >
              2019-06-12T01:21:48.259263Z
            </dd>
          </div>
        </dl>
        <h2
          className="header2"
        >
          Custom Properties
        </h2>
        <dl
          className="artifactInfo"
        >
          <div
            className="field"
            key="__kf_workspace__"
          >
            <dt
              className="term"
            >
              __kf_workspace__
            </dt>
            <dd
              className="value"
            >
              workspace-1
            </dd>
          </div>
          <div
            className="field"
            key="__kf_run__"
          >
            <dt
              className="term"
            >
              __kf_run__
            </dt>
            <dd
              className="value"
            >
              1
            </dd>
          </div>
        </dl>
      </section>
    </ArtifactInfo>
  </div>
</ArtifactDetails>
`;
