// Jest Snapshot v1, https://goo.gl/fbAQLP

exports[`ArtifactDetails Renders progress bar with no data 1`] = `<WithStyles(CircularProgress) />`;

exports[`ArtifactDetails Renders with a Model Artifact and updates the page title 1`] = `
<ArtifactDetails
  history={
    Object {
      "push": [MockFunction],
    }
  }
  location={Object {}}
  match={
    Object {
      "params": Object {
        "artifactType": "kubeflow.org/alpha/model",
        "id": "1",
      },
    }
  }
  toolbarProps={
    Object {
      "actions": Array [],
      "breadcrumbs": Array [
        Object {
          "displayName": "Artifacts",
          "href": "/artifacts",
        },
      ],
      "pageTitle": "Model 1 details",
    }
  }
  updateBanner={[MockFunction]}
  updateDialog={[MockFunction]}
  updateSnackbar={[MockFunction]}
  updateToolbar={
    [MockFunction] {
      "calls": Array [
        Array [
          Object {
            "actions": Array [],
            "breadcrumbs": Array [
              Object {
                "displayName": "Artifacts",
                "href": "/artifacts",
              },
            ],
            "pageTitle": "Model 1 details",
          },
        ],
        Array [
          Object {
            "pageTitle": "test model (version: v1)",
          },
        ],
      ],
      "results": Array [
        Object {
          "type": "return",
          "value": undefined,
        },
        Object {
          "type": "return",
          "value": undefined,
        },
      ],
    }
  }
>
  <div
    className="page"
  >
    <ResourceInfo
      resource={
        Object {
          "array": Array [
            1,
            1,
            "gs://my-bucket/mnist",
            Array [
              Array [
                "__ALL_META__",
                Array [
                  undefined,
                  undefined,
                  "{\\"hyperparameters\\": {\\"early_stop\\": true, \\"layers\\": [10, 3, 1], \\"learning_rate\\": 0.5}, \\"model_type\\": \\"neural network\\", \\"training_framework\\": {\\"name\\": \\"tensorflow\\", \\"version\\": \\"v1.0\\"))",
                ],
              ],
              Array [
                "create_time",
                Array [
                  undefined,
                  undefined,
                  "2019-06-12T01:21:48.259263Z",
                ],
              ],
              Array [
                "description",
                Array [
                  undefined,
                  undefined,
                  "A really great model",
                ],
              ],
              Array [
                "name",
                Array [
                  undefined,
                  undefined,
                  "test model",
                ],
              ],
              Array [
                "version",
                Array [
                  undefined,
                  undefined,
                  "v1",
                ],
              ],
            ],
            Array [
              Array [
                "__kf_run__",
                Array [
                  undefined,
                  undefined,
                  "1",
                ],
              ],
              Array [
                "__kf_workspace__",
                Array [
                  undefined,
                  undefined,
                  "workspace-1",
                ],
              ],
            ],
          ],
          "arrayIndexOffset_": -1,
          "convertedPrimitiveFields_": Object {},
          "messageId_": undefined,
          "pivot_": 1.7976931348623157e+308,
          "wrappers_": Object {
            "4": Object {
              "arrClean": true,
              "arr_": Array [
                Array [
                  "__ALL_META__",
                  Array [
                    undefined,
                    undefined,
                    "{\\"hyperparameters\\": {\\"early_stop\\": true, \\"layers\\": [10, 3, 1], \\"learning_rate\\": 0.5}, \\"model_type\\": \\"neural network\\", \\"training_framework\\": {\\"name\\": \\"tensorflow\\", \\"version\\": \\"v1.0\\"))",
                  ],
                ],
                Array [
                  "create_time",
                  Array [
                    undefined,
                    undefined,
                    "2019-06-12T01:21:48.259263Z",
                  ],
                ],
                Array [
                  "description",
                  Array [
                    undefined,
                    undefined,
                    "A really great model",
                  ],
                ],
                Array [
                  "name",
                  Array [
                    undefined,
                    undefined,
                    "test model",
                  ],
                ],
                Array [
                  "version",
                  Array [
                    undefined,
                    undefined,
                    "v1",
                  ],
                ],
              ],
              "map_": Object {
                "__ALL_META__": Object {
                  "key": "__ALL_META__",
                  "value": Array [
                    undefined,
                    undefined,
                    "{\\"hyperparameters\\": {\\"early_stop\\": true, \\"layers\\": [10, 3, 1], \\"learning_rate\\": 0.5}, \\"model_type\\": \\"neural network\\", \\"training_framework\\": {\\"name\\": \\"tensorflow\\", \\"version\\": \\"v1.0\\"))",
                  ],
                  "valueWrapper": Object {
                    "array": Array [
                      undefined,
                      undefined,
                      "{\\"hyperparameters\\": {\\"early_stop\\": true, \\"layers\\": [10, 3, 1], \\"learning_rate\\": 0.5}, \\"model_type\\": \\"neural network\\", \\"training_framework\\": {\\"name\\": \\"tensorflow\\", \\"version\\": \\"v1.0\\"))",
                    ],
                    "arrayIndexOffset_": -1,
                    "convertedPrimitiveFields_": Object {},
                    "messageId_": undefined,
                    "pivot_": 1.7976931348623157e+308,
                    "wrappers_": null,
                  },
                },
                "create_time": Object {
                  "key": "create_time",
                  "value": Array [
                    undefined,
                    undefined,
                    "2019-06-12T01:21:48.259263Z",
                  ],
                  "valueWrapper": Object {
                    "array": Array [
                      undefined,
                      undefined,
                      "2019-06-12T01:21:48.259263Z",
                    ],
                    "arrayIndexOffset_": -1,
                    "convertedPrimitiveFields_": Object {},
                    "messageId_": undefined,
                    "pivot_": 1.7976931348623157e+308,
                    "wrappers_": null,
                  },
                },
                "description": Object {
                  "key": "description",
                  "value": Array [
                    undefined,
                    undefined,
                    "A really great model",
                  ],
                  "valueWrapper": Object {
                    "array": Array [
                      undefined,
                      undefined,
                      "A really great model",
                    ],
                    "arrayIndexOffset_": -1,
                    "convertedPrimitiveFields_": Object {},
                    "messageId_": undefined,
                    "pivot_": 1.7976931348623157e+308,
                    "wrappers_": null,
                  },
                },
                "name": Object {
                  "key": "name",
                  "value": Array [
                    undefined,
                    undefined,
                    "test model",
                  ],
                  "valueWrapper": Object {
                    "array": Array [
                      undefined,
                      undefined,
                      "test model",
                    ],
                    "arrayIndexOffset_": -1,
                    "convertedPrimitiveFields_": Object {},
                    "messageId_": undefined,
                    "pivot_": 1.7976931348623157e+308,
                    "wrappers_": null,
                  },
                },
                "version": Object {
                  "key": "version",
                  "value": Array [
                    undefined,
                    undefined,
                    "v1",
                  ],
                  "valueWrapper": Object {
                    "array": Array [
                      undefined,
                      undefined,
                      "v1",
                    ],
                    "arrayIndexOffset_": -1,
                    "convertedPrimitiveFields_": Object {},
                    "messageId_": undefined,
                    "pivot_": 1.7976931348623157e+308,
                    "wrappers_": null,
                  },
                },
              },
              "valueCtor_": [Function],
            },
            "5": Object {
              "arrClean": true,
              "arr_": Array [
                Array [
                  "__kf_run__",
                  Array [
                    undefined,
                    undefined,
                    "1",
                  ],
                ],
                Array [
                  "__kf_workspace__",
                  Array [
                    undefined,
                    undefined,
                    "workspace-1",
                  ],
                ],
              ],
              "map_": Object {
                "__kf_run__": Object {
                  "key": "__kf_run__",
                  "value": Array [
                    undefined,
                    undefined,
                    "1",
                  ],
                  "valueWrapper": Object {
                    "array": Array [
                      undefined,
                      undefined,
                      "1",
                    ],
                    "arrayIndexOffset_": -1,
                    "convertedPrimitiveFields_": Object {},
                    "messageId_": undefined,
                    "pivot_": 1.7976931348623157e+308,
                    "wrappers_": null,
                  },
                },
                "__kf_workspace__": Object {
                  "key": "__kf_workspace__",
                  "value": Array [
                    undefined,
                    undefined,
                    "workspace-1",
                  ],
                  "valueWrapper": Object {
                    "array": Array [
                      undefined,
                      undefined,
                      "workspace-1",
                    ],
                    "arrayIndexOffset_": -1,
                    "convertedPrimitiveFields_": Object {},
                    "messageId_": undefined,
                    "pivot_": 1.7976931348623157e+308,
                    "wrappers_": null,
                  },
                },
              },
              "valueCtor_": [Function],
            },
          },
        }
      }
      typeName="Model"
    >
      <section>
        <h1
          className="header"
        >
          Type: 
          Model
        </h1>
        <h2
          className="header2"
        >
          Properties
        </h2>
        <dl
          className="resourceInfo"
        >
          <div
            className="field"
            key="create_time"
          >
            <dt
              className="term"
            >
              create_time
            </dt>
            <dd
              className="value"
            >
              2019-06-12T01:21:48.259263Z
            </dd>
          </div>
          <div
            className="field"
            key="description"
          >
            <dt
              className="term"
            >
              description
            </dt>
            <dd
              className="value"
            >
              A really great model
            </dd>
          </div>
          <div
            className="field"
            key="name"
          >
            <dt
              className="term"
            >
              name
            </dt>
            <dd
              className="value"
            >
              test model
            </dd>
          </div>
          <div
            className="field"
            key="version"
          >
            <dt
              className="term"
            >
              version
            </dt>
            <dd
              className="value"
            >
              v1
            </dd>
          </div>
        </dl>
        <h2
          className="header2"
        >
          Custom Properties
        </h2>
        <dl
          className="resourceInfo"
        >
          <div
            className="field"
            key="__kf_run__"
          >
            <dt
              className="term"
            >
              __kf_run__
            </dt>
            <dd
              className="value"
            >
              1
            </dd>
          </div>
          <div
            className="field"
            key="__kf_workspace__"
          >
            <dt
              className="term"
            >
              __kf_workspace__
            </dt>
            <dd
              className="value"
            >
              workspace-1
            </dd>
          </div>
        </dl>
      </section>
    </ResourceInfo>
  </div>
</ArtifactDetails>
`;
